BL51 BANKED LINKER/LOCATER V6.22.2.0                                                    08/20/2022  22:26:15  PAGE 1


BL51 BANKED LINKER/LOCATER V6.22.2.0, INVOKED BY:
D:\KEIL_V5\C51\BIN\BL51.EXE .\Objects\STARTUP.obj, .\Objects\main.obj, .\Objects\uart.obj TO .\Objects\UartRecvAndTransm
>> it PRINT (.\Listings\UartRecvAndTransmit.m51) RAMSIZE (256)


MEMORY MODEL: SMALL


INPUT MODULES INCLUDED:
  .\Objects\STARTUP.obj (?C_STARTUP)
  .\Objects\main.obj (MAIN)
  .\Objects\uart.obj (UART)
  D:\KEIL_V5\C51\LIB\C51S.LIB (?C_INIT)
  D:\KEIL_V5\C51\LIB\C51S.LIB (?C?CLDPTR)
  D:\KEIL_V5\C51\LIB\C51S.LIB (?C?SLDIV)
  D:\KEIL_V5\C51\LIB\C51S.LIB (?C?ULDIV)


LINK MAP OF MODULE:  .\Objects\UartRecvAndTransmit (?C_STARTUP)


            TYPE    BASE      LENGTH    RELOCATION   SEGMENT NAME
            -----------------------------------------------------

            * * * * * * *   D A T A   M E M O R Y   * * * * * * *
            REG     0000H     0008H     ABSOLUTE     "REG BANK 0"
            DATA    0008H     0005H     UNIT         _DATA_GROUP_
            DATA    000DH     0001H     UNIT         ?DT?UART
            IDATA   000EH     0001H     UNIT         ?STACK

            * * * * * * *   C O D E   M E M O R Y   * * * * * * *
            CODE    0000H     0003H     ABSOLUTE     
            CODE    0003H     0019H     UNIT         ?PR?MAIN?MAIN
            CODE    001CH     0004H     UNIT         ?C_INITSEG
                    0020H     0003H                  *** GAP ***
            CODE    0023H     0003H     ABSOLUTE     
            CODE    0026H     00E7H     UNIT         ?C?LIB_CODE
            CODE    010DH     008CH     UNIT         ?C_C51STARTUP
            CODE    0199H     0044H     UNIT         ?C?LDIV
            CODE    01DDH     002DH     UNIT         ?PR?_PRINT?UART
            CODE    020AH     0029H     UNIT         ?PR?_CONFIGUART?UART
            CODE    0233H     0009H     UNIT         ?PR?INTERRUPTUART?UART
            CODE    023CH     0008H     UNIT         ?CO?MAIN



OVERLAY MAP OF MODULE:   .\Objects\UartRecvAndTransmit (?C_STARTUP)


SEGMENT                          DATA_GROUP 
  +--> CALLED SEGMENT          START    LENGTH
----------------------------------------------
?C_C51STARTUP                  -----    -----
  +--> ?PR?MAIN?MAIN
  +--> ?C_INITSEG

?PR?MAIN?MAIN                  -----    -----
  +--> ?PR?_CONFIGUART?UART
BL51 BANKED LINKER/LOCATER V6.22.2.0                                                  08/20/2022  22:26:15  PAGE 2


  +--> ?CO?MAIN
  +--> ?PR?_PRINT?UART

?PR?_PRINT?UART                0008H    0005H



SYMBOL TABLE OF MODULE:  .\Objects\UartRecvAndTransmit (?C_STARTUP)

  VALUE           TYPE          NAME
  ----------------------------------

  -------         MODULE        ?C_STARTUP
  C:010DH         SEGMENT       ?C_C51STARTUP
  I:000EH         SEGMENT       ?STACK
  C:0000H         PUBLIC        ?C_STARTUP
  D:00E0H         SYMBOL        ACC
  D:00F0H         SYMBOL        B
  D:0083H         SYMBOL        DPH
  D:0082H         SYMBOL        DPL
  N:0000H         SYMBOL        IBPSTACK
  N:0100H         SYMBOL        IBPSTACKTOP
  N:0080H         SYMBOL        IDATALEN
  C:0110H         SYMBOL        IDATALOOP
  N:0000H         SYMBOL        PBPSTACK
  N:0100H         SYMBOL        PBPSTACKTOP
  N:0000H         SYMBOL        PDATALEN
  N:0000H         SYMBOL        PDATASTART
  N:0000H         SYMBOL        PPAGE
  N:0000H         SYMBOL        PPAGEENABLE
  D:00A0H         SYMBOL        PPAGE_SFR
  D:0081H         SYMBOL        SP
  C:010DH         SYMBOL        STARTUP1
  N:0000H         SYMBOL        XBPSTACK
  N:0000H         SYMBOL        XBPSTACKTOP
  N:0000H         SYMBOL        XDATALEN
  N:0000H         SYMBOL        XDATASTART
  C:0000H         LINE#         126
  C:010DH         LINE#         133
  C:010FH         LINE#         134
  C:0110H         LINE#         135
  C:0111H         LINE#         136
  C:0113H         LINE#         185
  C:0116H         LINE#         196
  -------         ENDMOD        ?C_STARTUP

  -------         MODULE        MAIN
  C:0000H         SYMBOL        _ICE_DUMMY_
  D:0090H         PUBLIC        P1
  D:00B0H         PUBLIC        P3
  D:00A8H         PUBLIC        IE
  D:00B8H         PUBLIC        IP
  C:0003H         PUBLIC        main
  D:0098H         PUBLIC        SCON
  D:0088H         PUBLIC        TCON
  D:00C8H         PUBLIC        T2CON
  D:00D0H         PUBLIC        PSW
BL51 BANKED LINKER/LOCATER V6.22.2.0                                                  08/20/2022  22:26:15  PAGE 3


  -------         PROC          MAIN
  C:0003H         LINE#         3
  C:0003H         LINE#         4
  C:0003H         LINE#         6
  C:000AH         LINE#         7
  C:000AH         LINE#         8
  C:000AH         LINE#         9
  C:000EH         LINE#         10
  C:000EH         LINE#         11
  C:0011H         LINE#         12
  C:001AH         LINE#         13
  C:001AH         LINE#         14
  -------         ENDPROC       MAIN
  -------         ENDMOD        MAIN

  -------         MODULE        UART
  C:0000H         SYMBOL        _ICE_DUMMY_
  D:0090H         PUBLIC        P1
  D:00B0H         PUBLIC        P3
  B:00A8H.7       PUBLIC        EA
  D:00A8H         PUBLIC        IE
  C:0233H         PUBLIC        InterruptUART
  C:020AH         PUBLIC        _ConfigUART
  B:00A8H.4       PUBLIC        ES
  D:00B8H         PUBLIC        IP
  B:0098H.0       PUBLIC        RI
  B:0098H.1       PUBLIC        TI
  D:000DH         PUBLIC        flag_recv
  C:01DDH         PUBLIC        _print
  D:0099H         PUBLIC        SBUF
  D:0087H         PUBLIC        PCON
  D:0098H         PUBLIC        SCON
  D:0089H         PUBLIC        TMOD
  D:0088H         PUBLIC        TCON
  B:00A8H.3       PUBLIC        ET1
  D:008DH         PUBLIC        TH1
  D:008BH         PUBLIC        TL1
  B:0088H.6       PUBLIC        TR1
  D:00C8H         PUBLIC        T2CON
  D:00D0H         PUBLIC        PSW
  -------         PROC          _CONFIGUART
  D:0006H         SYMBOL        baud
  C:020AH         LINE#         7
  C:020AH         LINE#         8
  C:020AH         LINE#         9
  C:020DH         LINE#         10
  C:0210H         LINE#         11
  C:0213H         LINE#         12
  C:0227H         LINE#         13
  C:022AH         LINE#         14
  C:022CH         LINE#         15
  C:022EH         LINE#         16
  C:0230H         LINE#         17
  C:0232H         LINE#         18
  -------         ENDPROC       _CONFIGUART
  -------         PROC          INTERRUPTUART
  C:0233H         LINE#         19
BL51 BANKED LINKER/LOCATER V6.22.2.0                                                  08/20/2022  22:26:15  PAGE 4


  C:0233H         LINE#         21
  C:0236H         LINE#         22
  C:0236H         LINE#         23
  C:0238H         LINE#         24
  C:023BH         LINE#         25
  C:023BH         LINE#         26
  -------         ENDPROC       INTERRUPTUART
  -------         PROC          _PRINT
  D:0008H         SYMBOL        str
  -------         DO            
  D:000BH         SYMBOL        cnt
  -------         ENDDO         
  C:01DDH         LINE#         27
  C:01E3H         LINE#         28
  C:01E3H         LINE#         29
  C:01E8H         LINE#         30
  C:01F3H         LINE#         31
  C:01F3H         LINE#         32
  C:0202H         LINE#         33
  C:0205H         LINE#         34
  C:0207H         LINE#         35
  C:0209H         LINE#         36
  -------         ENDPROC       _PRINT
  -------         ENDMOD        UART

  -------         MODULE        ?C?CLDPTR
  C:0026H         PUBLIC        ?C?CLDPTR
  -------         ENDMOD        ?C?CLDPTR

  -------         MODULE        ?C?SLDIV
  C:0199H         PUBLIC        ?C?SLDIV
  -------         ENDMOD        ?C?SLDIV

  -------         MODULE        ?C?ULDIV
  C:007BH         PUBLIC        ?C?ULDIV
  -------         ENDMOD        ?C?ULDIV

Program Size: data=15.0 xdata=0 code=577
LINK/LOCATE RUN COMPLETE.  0 WARNING(S),  0 ERROR(S)
