BL51 BANKED LINKER/LOCATER V6.22.2.0                                                    08/20/2022  22:38:30  PAGE 1


BL51 BANKED LINKER/LOCATER V6.22.2.0, INVOKED BY:
D:\KEIL_V5\C51\BIN\BL51.EXE .\Objects\STARTUP.obj, .\Objects\main.obj, .\Objects\exti.obj TO .\Objects\Exti0AndLedFlash 
>> PRINT (.\Listings\Exti0AndLedFlash.m51) RAMSIZE (256)


MEMORY MODEL: SMALL


INPUT MODULES INCLUDED:
  .\Objects\STARTUP.obj (?C_STARTUP)
  .\Objects\main.obj (MAIN)
  .\Objects\exti.obj (EXTI)


LINK MAP OF MODULE:  .\Objects\Exti0AndLedFlash (?C_STARTUP)


            TYPE    BASE      LENGTH    RELOCATION   SEGMENT NAME
            -----------------------------------------------------

            * * * * * * *   D A T A   M E M O R Y   * * * * * * *
            REG     0000H     0008H     ABSOLUTE     "REG BANK 0"
            IDATA   0008H     0001H     UNIT         ?STACK

            * * * * * * *   C O D E   M E M O R Y   * * * * * * *
            CODE    0000H     0003H     ABSOLUTE     
            CODE    0003H     0003H     ABSOLUTE     
            CODE    0006H     0024H     UNIT         ?PR?INTERRUPTEXTI0?EXTI
            CODE    002AH     000CH     UNIT         ?C_C51STARTUP
            CODE    0036H     000BH     UNIT         ?PR?_DELAY?EXTI
            CODE    0041H     0007H     UNIT         ?PR?CONFIGEXTI0?EXTI
            CODE    0048H     0005H     UNIT         ?PR?MAIN?MAIN



OVERLAY MAP OF MODULE:   .\Objects\Exti0AndLedFlash (?C_STARTUP)


SEGMENT
  +--> CALLED SEGMENT
---------------------
?C_C51STARTUP
  +--> ?PR?MAIN?MAIN

?PR?MAIN?MAIN
  +--> ?PR?CONFIGEXTI0?EXTI

*** NEW ROOT ***************************************************

?PR?INTERRUPTEXTI0?EXTI
  +--> ?PR?_DELAY?EXTI



SYMBOL TABLE OF MODULE:  .\Objects\Exti0AndLedFlash (?C_STARTUP)

  VALUE           TYPE          NAME
  ----------------------------------
BL51 BANKED LINKER/LOCATER V6.22.2.0                                                  08/20/2022  22:38:30  PAGE 2



  -------         MODULE        ?C_STARTUP
  C:002AH         SEGMENT       ?C_C51STARTUP
  I:0008H         SEGMENT       ?STACK
  C:0000H         PUBLIC        ?C_STARTUP
  D:00E0H         SYMBOL        ACC
  D:00F0H         SYMBOL        B
  D:0083H         SYMBOL        DPH
  D:0082H         SYMBOL        DPL
  N:0000H         SYMBOL        IBPSTACK
  N:0100H         SYMBOL        IBPSTACKTOP
  N:0080H         SYMBOL        IDATALEN
  C:002DH         SYMBOL        IDATALOOP
  N:0000H         SYMBOL        PBPSTACK
  N:0100H         SYMBOL        PBPSTACKTOP
  N:0000H         SYMBOL        PDATALEN
  N:0000H         SYMBOL        PDATASTART
  N:0000H         SYMBOL        PPAGE
  N:0000H         SYMBOL        PPAGEENABLE
  D:00A0H         SYMBOL        PPAGE_SFR
  D:0081H         SYMBOL        SP
  C:002AH         SYMBOL        STARTUP1
  N:0000H         SYMBOL        XBPSTACK
  N:0000H         SYMBOL        XBPSTACKTOP
  N:0000H         SYMBOL        XDATALEN
  N:0000H         SYMBOL        XDATASTART
  C:0000H         LINE#         126
  C:002AH         LINE#         133
  C:002CH         LINE#         134
  C:002DH         LINE#         135
  C:002EH         LINE#         136
  C:0030H         LINE#         185
  C:0033H         LINE#         196
  -------         ENDMOD        ?C_STARTUP

  -------         MODULE        MAIN
  C:0000H         SYMBOL        _ICE_DUMMY_
  D:0090H         PUBLIC        P1
  D:00A0H         PUBLIC        P2
  D:00B0H         PUBLIC        P3
  D:00A8H         PUBLIC        IE
  D:00B8H         PUBLIC        IP
  C:0048H         PUBLIC        main
  D:0098H         PUBLIC        SCON
  D:0088H         PUBLIC        TCON
  D:00C8H         PUBLIC        T2CON
  D:00D0H         PUBLIC        PSW
  -------         PROC          MAIN
  C:0048H         LINE#         3
  C:0048H         LINE#         4
  C:0048H         LINE#         5
  C:004BH         LINE#         6
  -------         ENDPROC       MAIN
  -------         ENDMOD        MAIN

  -------         MODULE        EXTI
  C:0000H         SYMBOL        _ICE_DUMMY_
BL51 BANKED LINKER/LOCATER V6.22.2.0                                                  08/20/2022  22:38:30  PAGE 3


  D:0090H         PUBLIC        P1
  D:00A0H         PUBLIC        P2
  D:00B0H         PUBLIC        P3
  B:00A8H.7       PUBLIC        EA
  D:00A8H         PUBLIC        IE
  C:0036H         PUBLIC        _delay
  D:00B8H         PUBLIC        IP
  B:00B0H.2       PUBLIC        k3
  C:0006H         PUBLIC        InterruptExti0
  C:0041H         PUBLIC        ConfigExti0
  D:0098H         PUBLIC        SCON
  D:0088H         PUBLIC        TCON
  B:00A0H.0       PUBLIC        led
  B:00A8H.0       PUBLIC        EX0
  B:0088H.0       PUBLIC        IT0
  D:00C8H         PUBLIC        T2CON
  D:00D0H         PUBLIC        PSW
  -------         PROC          _DELAY
  D:0006H         SYMBOL        i
  C:0036H         LINE#         3
  C:0036H         LINE#         4
  C:0036H         LINE#         5
  C:0040H         LINE#         6
  -------         ENDPROC       _DELAY
  -------         PROC          CONFIGEXTI0
  C:0041H         LINE#         7
  C:0041H         LINE#         8
  C:0041H         LINE#         9
  C:0043H         LINE#         10
  C:0045H         LINE#         11
  C:0047H         LINE#         12
  -------         ENDPROC       CONFIGEXTI0
  -------         PROC          INTERRUPTEXTI0
  C:0006H         LINE#         13
  C:0013H         LINE#         15
  C:001AH         LINE#         16
  C:001DH         LINE#         17
  C:001DH         LINE#         18
  C:001FH         LINE#         19
  C:001FH         LINE#         20
  -------         ENDPROC       INTERRUPTEXTI0
  -------         ENDMOD        EXTI

Program Size: data=9.0 xdata=0 code=77
LINK/LOCATE RUN COMPLETE.  0 WARNING(S),  0 ERROR(S)
