BL51 BANKED LINKER/LOCATER V6.22.2.0                                                    08/20/2022  22:31:19  PAGE 1


BL51 BANKED LINKER/LOCATER V6.22.2.0, INVOKED BY:
D:\KEIL_V5\C51\BIN\BL51.EXE .\Objects\STARTUP.obj, .\Objects\main.obj, .\Objects\tim.obj TO .\Objects\T0CountAndLedFlash
>>  PRINT (.\Listings\T0CountAndLedFlash.m51) RAMSIZE (256)


MEMORY MODEL: SMALL


INPUT MODULES INCLUDED:
  .\Objects\STARTUP.obj (?C_STARTUP)
  .\Objects\main.obj (MAIN)
  .\Objects\tim.obj (TIM)
  D:\KEIL_V5\C51\LIB\C51S.LIB (?C_INIT)


LINK MAP OF MODULE:  .\Objects\T0CountAndLedFlash (?C_STARTUP)


            TYPE    BASE      LENGTH    RELOCATION   SEGMENT NAME
            -----------------------------------------------------

            * * * * * * *   D A T A   M E M O R Y   * * * * * * *
            REG     0000H     0008H     ABSOLUTE     "REG BANK 0"
            DATA    0008H     0002H     UNIT         ?DT?TIM
            IDATA   000AH     0001H     UNIT         ?STACK

            * * * * * * *   C O D E   M E M O R Y   * * * * * * *
            CODE    0000H     0003H     ABSOLUTE     
            CODE    0003H     0007H     UNIT         ?PR?LOADT0?TIM
                    000AH     0001H                  *** GAP ***
            CODE    000BH     0003H     ABSOLUTE     
            CODE    000EH     008CH     UNIT         ?C_C51STARTUP
            CODE    009AH     001CH     UNIT         ?PR?INTERRUPTT0?TIM
            CODE    00B6H     000EH     UNIT         ?PR?CONFIGT0?TIM
            CODE    00C4H     000BH     UNIT         ?PR?MAIN?MAIN
            CODE    00CFH     0005H     UNIT         ?C_INITSEG
            CODE    00D4H     0004H     UNIT         ?PR?PREPROCESSTMOD?TIM
            CODE    00D8H     0003H     UNIT         ?PR?STARTT0?TIM
            CODE    00DBH     0003H     UNIT         ?PR?STOPT0?TIM



OVERLAY MAP OF MODULE:   .\Objects\T0CountAndLedFlash (?C_STARTUP)


SEGMENT
  +--> CALLED SEGMENT
---------------------
?C_C51STARTUP
  +--> ?PR?MAIN?MAIN
  +--> ?C_INITSEG

?PR?MAIN?MAIN
  +--> ?PR?PREPROCESSTMOD?TIM
  +--> ?PR?CONFIGT0?TIM
  +--> ?PR?STARTT0?TIM

*** NEW ROOT ***************************************************
BL51 BANKED LINKER/LOCATER V6.22.2.0                                                  08/20/2022  22:31:19  PAGE 2



?PR?INTERRUPTT0?TIM
  +--> ?PR?LOADT0?TIM



SYMBOL TABLE OF MODULE:  .\Objects\T0CountAndLedFlash (?C_STARTUP)

  VALUE           TYPE          NAME
  ----------------------------------

  -------         MODULE        ?C_STARTUP
  C:000EH         SEGMENT       ?C_C51STARTUP
  I:000AH         SEGMENT       ?STACK
  C:0000H         PUBLIC        ?C_STARTUP
  D:00E0H         SYMBOL        ACC
  D:00F0H         SYMBOL        B
  D:0083H         SYMBOL        DPH
  D:0082H         SYMBOL        DPL
  N:0000H         SYMBOL        IBPSTACK
  N:0100H         SYMBOL        IBPSTACKTOP
  N:0080H         SYMBOL        IDATALEN
  C:0011H         SYMBOL        IDATALOOP
  N:0000H         SYMBOL        PBPSTACK
  N:0100H         SYMBOL        PBPSTACKTOP
  N:0000H         SYMBOL        PDATALEN
  N:0000H         SYMBOL        PDATASTART
  N:0000H         SYMBOL        PPAGE
  N:0000H         SYMBOL        PPAGEENABLE
  D:00A0H         SYMBOL        PPAGE_SFR
  D:0081H         SYMBOL        SP
  C:000EH         SYMBOL        STARTUP1
  N:0000H         SYMBOL        XBPSTACK
  N:0000H         SYMBOL        XBPSTACKTOP
  N:0000H         SYMBOL        XDATALEN
  N:0000H         SYMBOL        XDATASTART
  C:0000H         LINE#         126
  C:000EH         LINE#         133
  C:0010H         LINE#         134
  C:0011H         LINE#         135
  C:0012H         LINE#         136
  C:0014H         LINE#         185
  C:0017H         LINE#         196
  -------         ENDMOD        ?C_STARTUP

  -------         MODULE        MAIN
  C:0000H         SYMBOL        _ICE_DUMMY_
  D:0090H         PUBLIC        P1
  D:00A0H         PUBLIC        P2
  D:00B0H         PUBLIC        P3
  D:00A8H         PUBLIC        IE
  D:00B8H         PUBLIC        IP
  C:00C4H         PUBLIC        main
  D:0098H         PUBLIC        SCON
  D:0088H         PUBLIC        TCON
  D:00C8H         PUBLIC        T2CON
  D:00D0H         PUBLIC        PSW
BL51 BANKED LINKER/LOCATER V6.22.2.0                                                  08/20/2022  22:31:19  PAGE 3


  -------         PROC          MAIN
  C:00C4H         LINE#         3
  C:00C4H         LINE#         4
  C:00C4H         LINE#         5
  C:00C7H         LINE#         6
  C:00CAH         LINE#         7
  C:00CDH         LINE#         8
  -------         ENDPROC       MAIN
  -------         ENDMOD        MAIN

  -------         MODULE        TIM
  C:0000H         SYMBOL        _ICE_DUMMY_
  D:0090H         PUBLIC        P1
  D:00A0H         PUBLIC        P2
  D:00B0H         PUBLIC        P3
  B:00A8H.7       PUBLIC        EA
  C:0003H         PUBLIC        LoadT0
  D:00A8H         PUBLIC        IE
  C:00D8H         PUBLIC        StartT0
  D:00B8H         PUBLIC        IP
  C:00DBH         PUBLIC        StopT0
  D:0098H         PUBLIC        SCON
  D:0089H         PUBLIC        TMOD
  D:0088H         PUBLIC        TCON
  B:00A0H.0       PUBLIC        led
  C:00D4H         PUBLIC        PreProcessTMOD
  B:00A8H.1       PUBLIC        ET0
  D:008CH         PUBLIC        TH0
  D:008AH         PUBLIC        TL0
  B:0088H.4       PUBLIC        TR0
  C:009AH         PUBLIC        InterruptT0
  C:00B6H         PUBLIC        ConfigT0
  D:00C8H         PUBLIC        T2CON
  D:00D0H         PUBLIC        PSW
  -------         PROC          PREPROCESSTMOD
  C:00D4H         LINE#         3
  C:00D4H         LINE#         4
  C:00D4H         LINE#         5
  C:00D7H         LINE#         6
  -------         ENDPROC       PREPROCESSTMOD
  -------         PROC          STARTT0
  C:00D8H         LINE#         7
  C:00D8H         LINE#         8
  C:00D8H         LINE#         9
  C:00DAH         LINE#         10
  -------         ENDPROC       STARTT0
  -------         PROC          STOPT0
  C:00DBH         LINE#         11
  C:00DBH         LINE#         12
  C:00DBH         LINE#         13
  C:00DDH         LINE#         14
  -------         ENDPROC       STOPT0
  -------         PROC          CONFIGT0
  C:00B6H         LINE#         15
  C:00B6H         LINE#         16
  C:00B6H         LINE#         17
  C:00B8H         LINE#         18
BL51 BANKED LINKER/LOCATER V6.22.2.0                                                  08/20/2022  22:31:19  PAGE 4


  C:00BBH         LINE#         19
  C:00BEH         LINE#         20
  C:00C1H         LINE#         21
  C:00C3H         LINE#         22
  -------         ENDPROC       CONFIGT0
  -------         PROC          LOADT0
  C:0003H         LINE#         23
  C:0003H         LINE#         24
  C:0003H         LINE#         25
  C:0006H         LINE#         26
  C:0009H         LINE#         27
  -------         ENDPROC       LOADT0
  -------         PROC          INTERRUPTT0
  -------         DO            
  D:0008H         SYMBOL        cnt
  -------         ENDDO         
  C:009AH         LINE#         28
  C:009CH         LINE#         31
  C:009FH         LINE#         32
  C:00A7H         LINE#         33
  C:00ADH         LINE#         34
  C:00ADH         LINE#         35
  C:00B1H         LINE#         36
  C:00B3H         LINE#         37
  C:00B3H         LINE#         38
  -------         ENDPROC       INTERRUPTT0
  -------         ENDMOD        TIM

*** WARNING L16: UNCALLED SEGMENT, IGNORED FOR OVERLAY PROCESS
    SEGMENT: ?PR?STOPT0?TIM

Program Size: data=11.0 xdata=0 code=221
LINK/LOCATE RUN COMPLETE.  1 WARNING(S),  0 ERROR(S)
