C51 COMPILER V9.59.0.0   TIM                                                               08/20/2022 22:31:18 PAGE 1   


C51 COMPILER V9.59.0.0, COMPILATION OF MODULE TIM
OBJECT MODULE PLACED IN .\Objects\tim.obj
COMPILER INVOKED BY: D:\Keil_v5\C51\BIN\C51.EXE TIM\tim.c OPTIMIZE(8,SPEED) BROWSE INCDIR(.\TIM) DEBUG OBJECTEXTEND PRIN
                    -T(.\Listings\tim.lst) TABS(2) OBJECT(.\Objects\tim.obj)

line level    source

   1          #include "reg52.h"
   2          #include "tim.h"
   3          void PreProcessTMOD()
   4          {
   5   1        TMOD=0x00;
   6   1      }
   7          void StartT0()
   8          {
   9   1        TR0=1;
  10   1      }
  11          void StopT0()
  12          {
  13   1        TR0=0;
  14   1      }
  15          void ConfigT0()
  16          {
  17   1        EA=1;
  18   1        TMOD|=0x01;
  19   1        TH0=0xdc;
  20   1        TL0=0x00;
  21   1        ET0=1;
  22   1      }
  23          void LoadT0()
  24          {
  25   1        TH0=0xdc;
  26   1        TL0=0x00;
  27   1      }
  28          void InterruptT0() interrupt 1
  29          {
  30   1        static unsigned int cnt=0;
  31   1        LoadT0();
  32   1        cnt++;
  33   1        if(cnt==100)
  34   1        {
  35   2          cnt=0;
  36   2          led=!led;
  37   2        }
  38   1      }


MODULE INFORMATION:   STATIC OVERLAYABLE
   CODE SIZE        =     59    ----
   CONSTANT SIZE    =   ----    ----
   XDATA SIZE       =   ----    ----
   PDATA SIZE       =   ----    ----
   DATA SIZE        =      2    ----
   IDATA SIZE       =   ----    ----
   BIT SIZE         =   ----    ----
END OF MODULE INFORMATION.


C51 COMPILATION COMPLETE.  0 WARNING(S),  0 ERROR(S)
